// Jest Snapshot v1, https://goo.gl/fbAQLP

exports[`should render error page correctly 1`] = `
<div>
  <h1>
    404! 
    <Link
      to="/"
    >
      Go home
    </Link>
  </h1>
</div>
`;
