// Jest Snapshot v1, https://goo.gl/fbAQLP

exports[`should render Header correctly 1`] = `
<div>
  <h1>
    Expensify
  </h1>
  <NavLink
    to="/"
  >
    Dashboard
  </NavLink>
  <NavLink
    to="/create"
  >
    Add Expense
  </NavLink>
  <button
    onClick={[Function]}
  >
    Logout
  </button>
</div>
`;
